	Command being timed: "/home/zaripova/tools/konclude/Konclude-v0.7.0-1138-Linux-x64-GCC-Static-Qt5.12.10/Binaries/Konclude realisation -i KGs/merged/merged_none.ttl -o KGs/reasoned/reasoned_none.owl"
	User time (seconds): 7.55
	System time (seconds): 0.38
	Percent of CPU this job got: 93%
	Elapsed (wall clock) time (h:mm:ss or m:ss): 0:08.48
	Average shared text size (kbytes): 0
	Average unshared data size (kbytes): 0
	Average stack size (kbytes): 0
	Average total size (kbytes): 0
	Maximum resident set size (kbytes): 864840
	Average resident set size (kbytes): 0
	Major (requiring I/O) page faults: 1
	Minor (reclaiming a frame) page faults: 34582
	Voluntary context switches: 4628
	Involuntary context switches: 13
	Swaps: 0
	File system inputs: 11304
	File system outputs: 149440
	Socket messages sent: 0
	Socket messages received: 0
	Signals delivered: 0
	Page size (bytes): 4096
	Exit status: 0
