	Command being timed: "/home/zaripova/tools/konclude/Konclude-v0.7.0-1138-Linux-x64-GCC-Static-Qt5.12.10/Binaries/Konclude realisation -i KGs/merged/merged_semi.ttl -o KGs/reasoned/reasoned_semi.owl"
	User time (seconds): 4.54
	System time (seconds): 0.24
	Percent of CPU this job got: 94%
	Elapsed (wall clock) time (h:mm:ss or m:ss): 0:05.04
	Average shared text size (kbytes): 0
	Average unshared data size (kbytes): 0
	Average stack size (kbytes): 0
	Average total size (kbytes): 0
	Maximum resident set size (kbytes): 634692
	Average resident set size (kbytes): 0
	Major (requiring I/O) page faults: 0
	Minor (reclaiming a frame) page faults: 23503
	Voluntary context switches: 2693
	Involuntary context switches: 11
	Swaps: 0
	File system inputs: 7064
	File system outputs: 70808
	Socket messages sent: 0
	Socket messages received: 0
	Signals delivered: 0
	Page size (bytes): 4096
	Exit status: 0
